{"timestamp":"2025-12-08T06:34:07.970Z","event":"search_intent","data":{"question":"test website","action":"search","entities":["project"],"keywords":[],"needs":{"projects":true,"tasks":false,"users":false,"groups":false}}}
{"timestamp":"2025-12-08T06:36:40.627Z","event":"search_intent","data":{"question":"Dự án website","action":null,"entities":["project"],"filters":{},"keywords":["website"],"needs":{"projects":true,"tasks":false,"users":false,"groups":false},"followUp":false}}
{"timestamp":"2025-12-08T06:36:40.912Z","event":"keyword_matches","data":{"type":"projects","keywords":["website"],"totalMatches":2,"samples":["Website bán hàng trực tuyến","Chatbot AI hỗ trợ khách hàng"]}}
{"timestamp":"2025-12-08T06:36:44.333Z","event":"semantic_matches","data":{"type":"projects","totalMatches":12,"topSimilarities":[{"item":"Website bán hàng trực tuyến","similarity":70.3},{"item":"Du An Lon 1","similarity":56.7},{"item":"Platform học tập trực tuyến","similarity":55.9}]}}
{"timestamp":"2025-12-08T06:44:05.096Z","event":"search_intent","data":{"question":"Dự án website","action":null,"entities":["project"],"filters":{},"keywords":["website"],"needs":{"projects":true,"tasks":false,"users":false,"groups":false},"followUp":false}}
{"timestamp":"2025-12-08T06:44:05.145Z","event":"keyword_matches","data":{"type":"projects","keywords":["website"],"totalMatches":2,"samples":["Website bán hàng trực tuyến","Chatbot AI hỗ trợ khách hàng"]}}
{"timestamp":"2025-12-08T06:44:08.800Z","event":"semantic_matches","data":{"type":"projects","totalMatches":12,"topSimilarities":[{"item":"Website bán hàng trực tuyến","similarity":70.3},{"item":"Du An Lon 1","similarity":56.7},{"item":"Platform học tập trực tuyến","similarity":55.9}]}}
{"timestamp":"2025-12-08T06:44:48.168Z","event":"search_intent","data":{"question":"toi dang quan ly nhom nao","action":null,"entities":["project"],"filters":{},"keywords":["dang","quan","nhom"],"needs":{"projects":true,"tasks":true,"users":false,"groups":false},"followUp":true}}
{"timestamp":"2025-12-08T06:44:48.214Z","event":"keyword_matches","data":{"type":"tasks","keywords":["dang","quan","nhom"],"totalMatches":6,"samples":["Phân tích yêu cầu dự án ","Thiết kế Database","Xây dựng API","Thiết kế UI/UX","Phát triển Frontend"]}}
{"timestamp":"2025-12-08T06:44:48.215Z","event":"keyword_matches","data":{"type":"projects","keywords":["dang","quan","nhom"],"totalMatches":6,"samples":["Hệ thống quản lý nhân sự HRM","Website bán hàng trực tuyến","Ứng dụng mobile quản lý công việc","Hệ thống Business Intelligence","Platform học tập trực tuyến"]}}
{"timestamp":"2025-12-08T06:44:48.706Z","event":"semantic_matches","data":{"type":"projects","totalMatches":12,"topSimilarities":[{"item":"Du An Lon 1","similarity":70.9},{"item":"Hệ thống quản lý tài liệu điện tử","similarity":61.3},{"item":"Website bán hàng trực tuyến","similarity":59.8}]}}
{"timestamp":"2025-12-08T06:44:51.134Z","event":"semantic_matches","data":{"type":"tasks","totalMatches":7,"topSimilarities":[{"item":"THIẾT KẾ HỆ THỐNG (System Design)","similarity":54.6},{"item":"Phân tích yêu cầu dự án ","similarity":53.5},{"item":"Thiết kế Database","similarity":53}]}}
{"timestamp":"2025-12-08T06:45:42.983Z","event":"search_intent","data":{"question":"toi dang quan ly nhom nao","action":null,"entities":[],"filters":{},"keywords":["dang","quan","nhom"],"needs":{"projects":true,"tasks":true,"users":false,"groups":false},"followUp":false}}
{"timestamp":"2025-12-08T06:45:43.029Z","event":"keyword_matches","data":{"type":"projects","keywords":["dang","quan","nhom"],"totalMatches":6,"samples":["Hệ thống quản lý nhân sự HRM","Website bán hàng trực tuyến","Ứng dụng mobile quản lý công việc","Hệ thống Business Intelligence","Platform học tập trực tuyến"]}}
{"timestamp":"2025-12-08T06:45:43.029Z","event":"keyword_matches","data":{"type":"tasks","keywords":["dang","quan","nhom"],"totalMatches":6,"samples":["Phân tích yêu cầu dự án ","Thiết kế Database","Xây dựng API","Thiết kế UI/UX","Phát triển Frontend"]}}
{"timestamp":"2025-12-08T06:45:43.030Z","event":"semantic_matches","data":{"type":"projects","totalMatches":12,"topSimilarities":[{"item":"Du An Lon 1","similarity":70.9},{"item":"Hệ thống quản lý tài liệu điện tử","similarity":61.3},{"item":"Website bán hàng trực tuyến","similarity":59.8}]}}
{"timestamp":"2025-12-08T06:45:43.030Z","event":"semantic_matches","data":{"type":"tasks","totalMatches":7,"topSimilarities":[{"item":"THIẾT KẾ HỆ THỐNG (System Design)","similarity":54.6},{"item":"Phân tích yêu cầu dự án ","similarity":53.5},{"item":"Thiết kế Database","similarity":53}]}}
{"timestamp":"2025-12-08T06:46:43.428Z","event":"search_intent","data":{"question":"vai tro cua toi","action":null,"entities":[],"filters":{},"keywords":["dang","quan","nhom"],"needs":{"projects":true,"tasks":true,"users":false,"groups":false},"followUp":true}}
{"timestamp":"2025-12-08T06:46:43.467Z","event":"keyword_matches","data":{"type":"projects","keywords":["dang","quan","nhom"],"totalMatches":6,"samples":["Hệ thống quản lý nhân sự HRM","Website bán hàng trực tuyến","Ứng dụng mobile quản lý công việc","Hệ thống Business Intelligence","Platform học tập trực tuyến"]}}
{"timestamp":"2025-12-08T06:46:43.467Z","event":"keyword_matches","data":{"type":"tasks","keywords":["dang","quan","nhom"],"totalMatches":6,"samples":["Phân tích yêu cầu dự án ","Thiết kế Database","Xây dựng API","Thiết kế UI/UX","Phát triển Frontend"]}}
{"timestamp":"2025-12-08T06:46:43.883Z","event":"semantic_matches","data":{"type":"projects","totalMatches":12,"topSimilarities":[{"item":"Du An Lon 1","similarity":59.1},{"item":"Hệ thống quản lý tài liệu điện tử","similarity":56.4},{"item":"Chatbot AI hỗ trợ khách hàng","similarity":52.1}]}}
{"timestamp":"2025-12-08T06:46:43.883Z","event":"semantic_matches","data":{"type":"tasks","totalMatches":7,"topSimilarities":[{"item":"Thiết kế UI/UX","similarity":50.9},{"item":"Thiết kế Database","similarity":50.5},{"item":"Phân tích yêu cầu dự án ","similarity":48.7}]}}
